============================= test session starts ==============================
platform linux -- Python 3.12.12, pytest-9.0.1, pluggy-1.6.0
rootdir: /home/runner/work/prettyerr/prettyerr
configfile: pyproject.toml
collected 26 items

tests/test_examples.py ..........................                        [100%]

============================== 26 passed in 0.06s ==============================
